[
    {
        "Id": "b062a386c00867d22f7cf6ac0e10e682f36a8d49d5afa313ee7a7a29a3ad2a73",
        "Created": "2026-09-19T15:39:12.069369362Z",
        "Path": "python",
        "Args": [
            "/opt/flowtracer-r1d/runtime/entrypoint.py",
            "python",
            "/opt/flowtracer-r1d/runtime/runtime_probe.py"
        ],
        "State": {
            "Status": "created",
            "Running": false,
            "Paused": false,
            "Restarting": false,
            "OOMKilled": false,
            "Dead": false,
            "Pid": 0,
            "ExitCode": 0,
            "Error": "",
            "StartedAt": "0001-01-01T00:00:00Z",
            "FinishedAt": "0001-01-01T00:00:00Z"
        },
        "Image": "sha256:e0cb8ba98faf5a37de20b367e067763bb6bfdbbbb2fcfcbf25894be05b5cf6b0",
        "ResolvConfPath": "",
        "HostnamePath": "",
        "HostsPath": "",
        "LogPath": "",
        "Name": "/flowtracer-r1d-a2-20260919-final-a-runtime-build1",
        "RestartCount": 0,
        "Driver": "overlayfs",
        "Platform": "linux",
        "MountLabel": "",
        "ProcessLabel": "",
        "AppArmorProfile": "",
        "ExecIDs": null,
        "HostConfig": {
            "Binds": null,
            "ContainerIDFile": "",
            "LogConfig": {
                "Type": "json-file",
                "Config": {}
            },
            "NetworkMode": "none",
            "PortBindings": {},
            "RestartPolicy": {
                "Name": "no",
                "MaximumRetryCount": 0
            },
            "AutoRemove": false,
            "VolumeDriver": "",
            "VolumesFrom": null,
            "ConsoleSize": [
                0,
                0
            ],
            "CapAdd": null,
            "CapDrop": [
                "ALL"
            ],
            "CgroupnsMode": "private",
            "Dns": null,
            "DnsOptions": [],
            "DnsSearch": [],
            "ExtraHosts": null,
            "GroupAdd": null,
            "IpcMode": "private",
            "Cgroup": "",
            "Links": null,
            "OomScoreAdj": 0,
            "PidMode": "",
            "Privileged": false,
            "PublishAllPorts": false,
            "ReadonlyRootfs": true,
            "SecurityOpt": [
                "no-new-privileges"
            ],
            "Tmpfs": {
                "/tmp": "rw,nosuid,noexec,size=256m"
            },
            "UTSMode": "",
            "UsernsMode": "",
            "ShmSize": 67108864,
            "Runtime": "runc",
            "Isolation": "",
            "CpuShares": 0,
            "Memory": 805306368,
            "NanoCpus": 1000000000,
            "CgroupParent": "",
            "BlkioWeight": 0,
            "BlkioWeightDevice": [],
            "BlkioDeviceReadBps": [],
            "BlkioDeviceWriteBps": [],
            "BlkioDeviceReadIOps": [],
            "BlkioDeviceWriteIOps": [],
            "CpuPeriod": 0,
            "CpuQuota": 0,
            "CpuRealtimePeriod": 0,
            "CpuRealtimeRuntime": 0,
            "CpusetCpus": "",
            "CpusetMems": "",
            "Devices": [],
            "DeviceCgroupRules": null,
            "DeviceRequests": null,
            "MemoryReservation": 0,
            "MemorySwap": 1610612736,
            "MemorySwappiness": null,
            "OomKillDisable": false,
            "PidsLimit": 128,
            "Ulimits": [],
            "CpuCount": 0,
            "CpuPercent": 0,
            "IOMaximumIOps": 0,
            "IOMaximumBandwidth": 0,
            "MaskedPaths": [
                "/proc/acpi",
                "/proc/asound",
                "/proc/interrupts",
                "/proc/kcore",
                "/proc/keys",
                "/proc/latency_stats",
                "/proc/sched_debug",
                "/proc/scsi",
                "/proc/timer_list",
                "/proc/timer_stats",
                "/sys/devices/virtual/powercap",
                "/sys/firmware"
            ],
            "ReadonlyPaths": [
                "/proc/bus",
                "/proc/fs",
                "/proc/irq",
                "/proc/sys",
                "/proc/sysrq-trigger"
            ]
        },
        "Storage": {
            "RootFS": {
                "Snapshot": {
                    "Name": "overlayfs"
                }
            }
        },
        "Mounts": [],
        "Config": {
            "Hostname": "b062a386c008",
            "Domainname": "",
            "User": "10001:10001",
            "AttachStdin": false,
            "AttachStdout": true,
            "AttachStderr": true,
            "Tty": false,
            "OpenStdin": false,
            "StdinOnce": false,
            "Env": [
                "XDG_CONFIG_HOME=/tmp/flowtracer-r1c-config",
                "XDG_CACHE_HOME=/tmp/flowtracer-r1c-cache",
                "HOME=/tmp/flowtracer-r1c-home",
                "PATH=/usr/local/bin:/usr/local/sbin:/usr/local/bin:/usr/sbin:/usr/bin:/sbin:/bin",
                "GPG_KEY=7169605F62C751356D054A26A821E680E5FA6305",
                "PYTHON_VERSION=3.13.15",
                "PYTHON_SHA256=1e66a7945a48390ee4c2a4268a0e4185884059a13c4aab6d148aa208deea4a76",
                "DEBIAN_FRONTEND=noninteractive",
                "PIP_DISABLE_PIP_VERSION_CHECK=1",
                "PIP_NO_CACHE_DIR=1",
                "PLAYWRIGHT_BROWSERS_PATH=/opt/browser-r1c",
                "PLAYWRIGHT_DOWNLOAD_CONNECTION_TIMEOUT=120000",
                "PLAYWRIGHT_SKIP_BROWSER_GC=1",
                "PYTHONDONTWRITEBYTECODE=1",
                "PYTHONUNBUFFERED=1"
            ],
            "Cmd": [
                "python",
                "/opt/flowtracer-r1d/runtime/runtime_probe.py"
            ],
            "Image": "flowtracer-browser-r1d:flowtracer-r1d-a2-20260919-final-a-build1",
            "Volumes": null,
            "WorkingDir": "/work",
            "Entrypoint": [
                "python",
                "/opt/flowtracer-r1d/runtime/entrypoint.py"
            ],
            "Labels": {}
        },
        "NetworkSettings": {
            "SandboxID": "",
            "SandboxKey": "",
            "Ports": {},
            "Networks": {
                "none": {
                    "IPAMConfig": null,
                    "Links": null,
                    "Aliases": null,
                    "DriverOpts": null,
                    "GwPriority": 0,
                    "NetworkID": "",
                    "EndpointID": "",
                    "Gateway": "",
                    "IPAddress": "",
                    "MacAddress": "",
                    "IPPrefixLen": 0,
                    "IPv6Gateway": "",
                    "GlobalIPv6Address": "",
                    "GlobalIPv6PrefixLen": 0,
                    "DNSNames": null
                }
            }
        },
        "ImageManifestDescriptor": {
            "mediaType": "application/vnd.oci.image.manifest.v1+json",
            "digest": "sha256:e0cb8ba98faf5a37de20b367e067763bb6bfdbbbb2fcfcbf25894be05b5cf6b0",
            "size": 2001,
            "annotations": {
                "io.containerd.image.name": "docker.io/library/flowtracer-browser-r1d:flowtracer-r1d-a2-20260919-final-a-build1",
                "org.opencontainers.image.created": "2026-09-19T15:32:45Z",
                "org.opencontainers.image.ref.name": "flowtracer-r1d-a2-20260919-final-a-build1"
            },
            "platform": {
                "architecture": "amd64",
                "os": "linux"
            }
        }
    }
]
